2026-09-14 13:12:32,909 | INFO | Using device: cuda
2026-09-14 13:12:36,202 | INFO | GPU: NVIDIA A100-PCIE-40GB
2026-09-14 13:12:36,202 | INFO | seed=91
2026-09-14 13:12:36,202 | INFO | bridge_schedule=mean_reverting mean_reversion_rate=3.0 diffusion_steps=1000
2026-09-14 13:12:36,202 | INFO | Building dataset...
2026-09-14 13:13:03,323 | INFO | Dataset size: 122217 samples
2026-09-14 13:13:03,517 | INFO | Train/Val/Test sizes: 97773/12221/12223
2026-09-14 13:13:04,709 | INFO | trainable_parameters=13588641
2026-09-14 13:13:09,772 | INFO | Epoch 1/50
2026-09-14 14:48:20,013 | INFO | Train loss: 0.031385
2026-09-14 14:48:20,013 | INFO | Val loss: 0.025459
2026-09-14 14:48:20,925 | INFO | Epoch 2/50
2026-09-14 16:13:18,909 | INFO | Train loss: 0.022710
2026-09-14 16:13:18,910 | INFO | Val loss: 0.020979
2026-09-14 16:13:19,978 | INFO | Epoch 3/50
2026-09-14 17:37:37,874 | INFO | Train loss: 0.019870
2026-09-14 17:37:37,875 | INFO | Val loss: 0.020868
2026-09-14 17:37:38,750 | INFO | Epoch 4/50
2026-09-14 19:05:23,205 | INFO | Train loss: 0.017613
2026-09-14 19:05:23,205 | INFO | Val loss: 0.016818
2026-09-14 19:05:23,994 | INFO | Epoch 5/50
2026-09-14 20:33:59,201 | INFO | Train loss: 0.016145
2026-09-14 20:33:59,201 | INFO | Val loss: 0.016315
2026-09-14 20:33:59,931 | INFO | Epoch 6/50
2026-09-14 21:59:59,874 | INFO | Train loss: 0.014924
2026-09-14 21:59:59,875 | INFO | Val loss: 0.014529
2026-09-14 22:00:00,570 | INFO | Epoch 7/50
