usage: train.py [-h] [--gpu GPU] [--data_dir DATA_DIR] [--model MODEL]
                [--config CONFIG] [--seasons SEASONS]
                [--batch_size BATCH_SIZE] [--num_workers NUM_WORKERS]
                [--epochs EPOCHS] [--lr LR]
                [--diffusion_steps DIFFUSION_STEPS] [--nfe NFE]
                [--bridge_schedule {original,mean_reverting,mr_r3,spatial_mr_r3,spatial_mean_reverting}]
                [--mean_reversion_rate MEAN_REVERSION_RATE] [--seed SEED]
                [--output_dir OUTPUT_DIR] [--run_name RUN_NAME]
                [--log_every LOG_EVERY] [--resume RESUME] [--save_images]
                [--num_save_images NUM_SAVE_IMAGES]
                [--subset_frac SUBSET_FRAC] [--subset_max SUBSET_MAX]
train.py: error: unrecognized arguments: clear
usage: train.py [-h] [--gpu GPU] [--data_dir DATA_DIR] [--model MODEL]
                [--config CONFIG] [--seasons SEASONS]
                [--batch_size BATCH_SIZE] [--num_workers NUM_WORKERS]
                [--epochs EPOCHS] [--lr LR]
                [--diffusion_steps DIFFUSION_STEPS] [--nfe NFE]
                [--bridge_schedule {original,mean_reverting,mr_r3,spatial_mr_r3,spatial_mean_reverting}]
                [--mean_reversion_rate MEAN_REVERSION_RATE] [--seed SEED]
                [--output_dir OUTPUT_DIR] [--run_name RUN_NAME]
                [--log_every LOG_EVERY] [--resume RESUME] [--save_images]
                [--num_save_images NUM_SAVE_IMAGES]
                [--subset_frac SUBSET_FRAC] [--subset_max SUBSET_MAX]
train.py: error: unrecognized arguments: clear
