2026-08-11 13:10:40,491 | INFO | Using device: cuda
2026-08-11 13:10:40,566 | INFO | GPU: NVIDIA A100 80GB PCIe
2026-08-11 13:10:40,566 | INFO | seed=42
2026-08-11 13:10:40,566 | INFO | bridge_schedule=mean_reverting mean_reversion_rate=3.0 diffusion_steps=1000
2026-08-11 13:10:40,566 | INFO | Building dataset...
2026-08-11 13:11:02,947 | INFO | Dataset size: 122217 samples
2026-08-11 13:11:02,965 | INFO | Train/Val/Test sizes: 97773/12221/12223
2026-08-11 13:11:03,325 | INFO | trainable_parameters=13588641
2026-08-11 13:11:04,386 | INFO | Epoch 1/50
2026-08-11 14:20:03,815 | INFO | Train loss: 0.031604
2026-08-11 14:20:03,816 | INFO | Val loss: 0.024352
2026-08-11 14:20:04,503 | INFO | Epoch 2/50
2026-08-11 15:30:40,631 | INFO | Train loss: 0.022844
2026-08-11 15:30:40,632 | INFO | Val loss: 0.021483
2026-08-11 15:30:41,355 | INFO | Epoch 3/50
2026-08-11 16:42:47,473 | INFO | Train loss: 0.020072
2026-08-11 16:42:47,473 | INFO | Val loss: 0.018496
2026-08-11 16:42:48,117 | INFO | Epoch 4/50
2026-08-11 17:55:06,768 | INFO | Train loss: 0.018228
2026-08-11 17:55:06,768 | INFO | Val loss: 0.018875
2026-08-11 17:55:06,772 | INFO | Epoch 5/50
2026-08-11 19:03:33,307 | INFO | Train loss: 0.016507
2026-08-11 19:03:33,307 | INFO | Val loss: 0.015619
2026-08-11 19:03:34,072 | INFO | Epoch 6/50
2026-08-11 20:12:33,381 | INFO | Train loss: 0.015337
2026-08-11 20:12:33,381 | INFO | Val loss: 0.014909
2026-08-11 20:12:34,301 | INFO | Epoch 7/50
2026-08-11 21:25:18,645 | INFO | Train loss: 0.014346
2026-08-11 21:25:18,645 | INFO | Val loss: 0.014160
2026-08-11 21:25:19,352 | INFO | Epoch 8/50
2026-08-11 22:37:51,940 | INFO | Train loss: 0.013699
2026-08-11 22:37:51,940 | INFO | Val loss: 0.013437
2026-08-11 22:37:52,622 | INFO | Epoch 9/50
2026-08-11 23:48:49,741 | INFO | Train loss: 0.013050
2026-08-11 23:48:49,741 | INFO | Val loss: 0.012903
2026-08-11 23:48:50,427 | INFO | Epoch 10/50
2026-08-12 00:54:58,391 | INFO | Train loss: 0.012711
2026-08-12 00:54:58,391 | INFO | Val loss: 0.012537
2026-08-12 00:54:59,057 | INFO | Epoch 11/50
2026-08-12 02:01:19,143 | INFO | Train loss: 0.012343
2026-08-12 02:01:19,144 | INFO | Val loss: 0.012198
2026-08-12 02:01:19,824 | INFO | Epoch 12/50
2026-08-12 03:08:30,443 | INFO | Train loss: 0.011928
2026-08-12 03:08:30,443 | INFO | Val loss: 0.012354
2026-08-12 03:08:30,447 | INFO | Epoch 13/50
2026-08-12 04:15:28,073 | INFO | Train loss: 0.011656
2026-08-12 04:15:28,074 | INFO | Val loss: 0.011484
2026-08-12 04:15:28,721 | INFO | Epoch 14/50
2026-08-12 05:22:32,133 | INFO | Train loss: 0.011321
2026-08-12 05:22:32,133 | INFO | Val loss: 0.011386
2026-08-12 05:22:32,907 | INFO | Epoch 15/50
2026-08-12 06:34:54,733 | INFO | Train loss: 0.011049
2026-08-12 06:34:54,733 | INFO | Val loss: 0.010991
2026-08-12 06:34:55,396 | INFO | Epoch 16/50
2026-08-12 07:56:08,691 | INFO | Train loss: 0.010872
2026-08-12 07:56:08,691 | INFO | Val loss: 0.011185
2026-08-12 07:56:08,694 | INFO | Epoch 17/50
2026-08-12 09:06:39,928 | INFO | Train loss: 0.010645
2026-08-12 09:06:39,928 | INFO | Val loss: 0.010777
2026-08-12 09:06:40,553 | INFO | Epoch 18/50
2026-08-12 10:12:57,449 | INFO | Train loss: 0.010510
2026-08-12 10:12:57,450 | INFO | Val loss: 0.010538
2026-08-12 10:12:58,113 | INFO | Epoch 19/50
2026-08-12 11:22:21,078 | INFO | Train loss: 0.010304
2026-08-12 11:22:21,078 | INFO | Val loss: 0.010462
2026-08-12 11:22:21,888 | INFO | Epoch 20/50
2026-08-12 12:31:22,438 | INFO | Train loss: 0.010103
2026-08-12 12:31:22,439 | INFO | Val loss: 0.010356
2026-08-12 12:31:23,145 | INFO | Epoch 21/50
2026-08-12 13:41:08,871 | INFO | Train loss: 0.009952
2026-08-12 13:41:08,872 | INFO | Val loss: 0.010150
2026-08-12 13:41:09,590 | INFO | Epoch 22/50
2026-08-12 14:47:57,775 | INFO | Train loss: 0.009802
2026-08-12 14:47:57,776 | INFO | Val loss: 0.009863
2026-08-12 14:47:58,607 | INFO | Epoch 23/50
2026-08-12 16:16:07,298 | INFO | Train loss: 0.009711
2026-08-12 16:16:07,298 | INFO | Val loss: 0.009870
2026-08-12 16:16:07,302 | INFO | Epoch 24/50
2026-08-12 17:39:07,587 | INFO | Train loss: 0.009544
2026-08-12 17:39:07,587 | INFO | Val loss: 0.009723
2026-08-12 17:39:08,262 | INFO | Epoch 25/50
2026-08-12 18:44:35,288 | INFO | Train loss: 0.009424
2026-08-12 18:44:35,288 | INFO | Val loss: 0.009625
2026-08-12 18:44:35,984 | INFO | Epoch 26/50
2026-08-12 20:06:48,354 | INFO | Train loss: 0.009300
2026-08-12 20:06:48,354 | INFO | Val loss: 0.009485
2026-08-12 20:06:49,008 | INFO | Epoch 27/50
2026-08-12 21:13:12,837 | INFO | Train loss: 0.009194
2026-08-12 21:13:12,838 | INFO | Val loss: 0.009405
2026-08-12 21:13:13,596 | INFO | Epoch 28/50
2026-08-12 22:19:40,900 | INFO | Train loss: 0.009145
2026-08-12 22:19:40,900 | INFO | Val loss: 0.009481
2026-08-12 22:19:40,904 | INFO | Epoch 29/50
2026-08-12 23:24:59,640 | INFO | Train loss: 0.009027
2026-08-12 23:24:59,640 | INFO | Val loss: 0.009182
2026-08-12 23:25:00,424 | INFO | Epoch 30/50
2026-08-13 01:36:00,020 | INFO | Train loss: 0.008917
2026-08-13 01:36:00,020 | INFO | Val loss: 0.009321
2026-08-13 01:36:00,024 | INFO | Epoch 31/50
2026-08-13 03:41:48,220 | INFO | Train loss: 0.008819
2026-08-13 03:41:48,220 | INFO | Val loss: 0.009022
2026-08-13 03:41:48,872 | INFO | Epoch 32/50
2026-08-13 05:31:17,097 | INFO | Train loss: 0.008944
2026-08-13 05:31:17,097 | INFO | Val loss: 0.009017
2026-08-13 05:31:18,411 | INFO | Epoch 33/50
2026-08-13 07:04:26,358 | INFO | Train loss: 0.008683
2026-08-13 07:04:26,358 | INFO | Val loss: 0.008888
2026-08-13 07:04:27,029 | INFO | Epoch 34/50
2026-08-13 09:20:30,238 | INFO | Train loss: 0.008692
2026-08-13 09:20:30,239 | INFO | Val loss: 0.008901
2026-08-13 09:20:30,242 | INFO | Epoch 35/50
2026-08-13 11:37:02,074 | INFO | Train loss: 0.008561
2026-08-13 11:37:02,074 | INFO | Val loss: 0.008825
2026-08-13 11:37:02,867 | INFO | Epoch 36/50
2026-08-13 14:01:30,491 | INFO | Train loss: 0.008506
2026-08-13 14:01:30,491 | INFO | Val loss: 0.008773
2026-08-13 14:01:31,506 | INFO | Epoch 37/50
2026-08-13 16:31:19,187 | INFO | Train loss: 0.008686
2026-08-13 16:31:19,187 | INFO | Val loss: 0.025947
2026-08-13 16:31:19,194 | INFO | Epoch 38/50
2026-08-13 18:49:33,239 | INFO | Train loss: 0.009397
2026-08-13 18:49:33,239 | INFO | Val loss: 0.008720
2026-08-13 18:49:34,454 | INFO | Epoch 39/50
2026-08-13 21:08:25,846 | INFO | Train loss: 0.008324
2026-08-13 21:08:25,846 | INFO | Val loss: 0.008566
2026-08-13 21:08:26,810 | INFO | Epoch 40/50
2026-08-13 23:25:28,363 | INFO | Train loss: 0.008295
2026-08-13 23:25:28,363 | INFO | Val loss: 0.008584
2026-08-13 23:25:28,367 | INFO | Epoch 41/50
2026-08-14 01:42:11,932 | INFO | Train loss: 0.008246
2026-08-14 01:42:11,932 | INFO | Val loss: 0.008618
2026-08-14 01:42:11,936 | INFO | Epoch 42/50
2026-08-14 03:54:11,671 | INFO | Train loss: 0.008136
2026-08-14 03:54:11,671 | INFO | Val loss: 0.008457
2026-08-14 03:54:12,427 | INFO | Epoch 43/50
2026-08-14 05:51:01,690 | INFO | Train loss: 0.008082
2026-08-14 05:51:01,691 | INFO | Val loss: 0.008385
2026-08-14 05:51:02,582 | INFO | Epoch 44/50
2026-08-14 07:01:36,048 | INFO | Train loss: 0.008061
2026-08-14 07:01:36,048 | INFO | Val loss: 0.008463
2026-08-14 07:01:36,052 | INFO | Epoch 45/50
2026-08-14 08:11:01,704 | INFO | Train loss: 0.007950
2026-08-14 08:11:01,705 | INFO | Val loss: 0.008336
2026-08-14 08:11:02,402 | INFO | Epoch 46/50
2026-08-14 09:21:18,374 | INFO | Train loss: 0.007950
2026-08-14 09:21:18,374 | INFO | Val loss: 0.008360
2026-08-14 09:21:18,378 | INFO | Epoch 47/50
2026-08-14 10:32:58,918 | INFO | Train loss: 0.007873
2026-08-14 10:32:58,918 | INFO | Val loss: 0.009782
2026-08-14 10:32:58,922 | INFO | Epoch 48/50
2026-08-14 11:43:55,127 | INFO | Train loss: 0.007873
2026-08-14 11:43:55,127 | INFO | Val loss: 0.008341
2026-08-14 11:43:55,131 | INFO | Epoch 49/50
2026-08-14 12:55:15,173 | INFO | Train loss: 0.007808
2026-08-14 12:55:15,173 | INFO | Val loss: 0.008061
2026-08-14 12:55:16,081 | INFO | Epoch 50/50
2026-08-14 14:17:03,232 | INFO | Train loss: 0.007752
2026-08-14 14:17:03,232 | INFO | Val loss: 0.007967
2026-08-14 14:17:04,117 | INFO | Training complete.
2026-08-14 14:17:04,118 | INFO | Starting test...
2026-08-14 14:27:17,160 | INFO | Test L1: 0.011096 | PSNR: 34.5066 | SSIM: 0.8963
2026-08-14 14:27:17,161 | INFO | Test SAM(deg): 3.3489
2026-08-14 14:27:17,161 | INFO | Test LPIPS: 0.1940
2026-08-14 14:27:17,161 | INFO | Test FID: 31.7565
