2026-08-15 12:56:36,592 | INFO | Using device: cuda
2026-08-15 12:56:36,679 | INFO | GPU: NVIDIA A100 80GB PCIe
2026-08-15 12:56:36,680 | INFO | seed=123
2026-08-15 12:56:36,680 | INFO | bridge_schedule=mean_reverting mean_reversion_rate=3.0 diffusion_steps=1000
2026-08-15 12:56:36,680 | INFO | Building dataset...
2026-08-15 12:57:01,871 | INFO | Dataset size: 122217 samples
2026-08-15 12:57:01,894 | INFO | Train/Val/Test sizes: 97773/12221/12223
2026-08-15 12:57:02,500 | INFO | trainable_parameters=13588641
2026-08-15 12:57:11,611 | INFO | Epoch 1/20
2026-08-15 14:13:07,065 | INFO | Train loss: 0.031236
2026-08-15 14:13:07,065 | INFO | Val loss: 0.023736
2026-08-15 14:13:07,812 | INFO | Epoch 2/20
2026-08-15 15:28:28,664 | INFO | Train loss: 0.022008
2026-08-15 15:28:28,664 | INFO | Val loss: 0.019205
2026-08-15 15:28:29,519 | INFO | Epoch 3/20
2026-08-15 16:43:28,467 | INFO | Train loss: 0.018957
2026-08-15 16:43:28,468 | INFO | Val loss: 0.017433
2026-08-15 16:43:29,334 | INFO | Epoch 4/20
2026-08-15 17:56:29,288 | INFO | Train loss: 0.017048
2026-08-15 17:56:29,288 | INFO | Val loss: 0.015909
2026-08-15 17:56:30,153 | INFO | Epoch 5/20
2026-08-15 19:09:33,576 | INFO | Train loss: 0.015753
2026-08-15 19:09:33,576 | INFO | Val loss: 0.015007
2026-08-15 19:09:34,273 | INFO | Epoch 6/20
2026-08-15 20:25:06,350 | INFO | Train loss: 0.014731
2026-08-15 20:25:06,350 | INFO | Val loss: 0.014092
2026-08-15 20:25:07,057 | INFO | Epoch 7/20
2026-08-15 21:47:36,972 | INFO | Train loss: 0.013801
2026-08-15 21:47:36,972 | INFO | Val loss: 0.013700
2026-08-15 21:47:37,823 | INFO | Epoch 8/20
2026-08-15 23:02:06,968 | INFO | Train loss: 0.013208
2026-08-15 23:02:06,969 | INFO | Val loss: 0.013074
2026-08-15 23:02:07,684 | INFO | Epoch 9/20
2026-08-16 00:21:34,158 | INFO | Train loss: 0.012771
2026-08-16 00:21:34,158 | INFO | Val loss: 0.012779
2026-08-16 00:21:34,850 | INFO | Epoch 10/20
2026-08-16 01:43:44,158 | INFO | Train loss: 0.012236
2026-08-16 01:43:44,158 | INFO | Val loss: 0.012083
2026-08-16 01:43:44,888 | INFO | Epoch 11/20
2026-08-16 03:01:33,883 | INFO | Train loss: 0.011831
2026-08-16 03:01:33,883 | INFO | Val loss: 0.011745
2026-08-16 03:01:34,577 | INFO | Epoch 12/20
2026-08-16 04:15:43,789 | INFO | Train loss: 0.011540
2026-08-16 04:15:43,789 | INFO | Val loss: 0.011588
2026-08-16 04:15:44,668 | INFO | Epoch 13/20
2026-08-16 05:28:49,177 | INFO | Train loss: 0.011315
2026-08-16 05:28:49,177 | INFO | Val loss: 0.011447
2026-08-16 05:28:50,037 | INFO | Epoch 14/20
2026-08-16 06:42:18,000 | INFO | Train loss: 0.010991
2026-08-16 06:42:18,000 | INFO | Val loss: 0.011012
2026-08-16 06:42:18,734 | INFO | Epoch 15/20
2026-08-16 07:56:15,757 | INFO | Train loss: 0.010742
2026-08-16 07:56:15,757 | INFO | Val loss: 0.010940
2026-08-16 07:56:16,465 | INFO | Epoch 16/20
2026-08-16 09:09:53,969 | INFO | Train loss: 0.010507
2026-08-16 09:09:53,970 | INFO | Val loss: 0.010628
2026-08-16 09:09:54,688 | INFO | Epoch 17/20
2026-08-16 10:23:27,778 | INFO | Train loss: 0.010336
2026-08-16 10:23:27,778 | INFO | Val loss: 0.010319
2026-08-16 10:23:28,642 | INFO | Epoch 18/20
2026-08-16 11:40:41,702 | INFO | Train loss: 0.010168
2026-08-16 11:40:41,702 | INFO | Val loss: 0.010383
2026-08-16 11:40:41,706 | INFO | Epoch 19/20
2026-08-16 12:54:00,010 | INFO | Train loss: 0.010043
2026-08-16 12:54:00,011 | INFO | Val loss: 0.010701
2026-08-16 12:54:00,015 | INFO | Epoch 20/20
2026-08-16 14:08:12,137 | INFO | Train loss: 0.009880
2026-08-16 14:08:12,138 | INFO | Val loss: 0.009993
2026-08-16 14:08:12,980 | INFO | Training complete.
2026-08-16 14:08:12,981 | INFO | Starting test...
2026-08-16 14:13:04,714 | INFO | Test L1: 0.013249 | PSNR: 33.2481 | SSIM: 0.8684
2026-08-16 14:13:04,715 | INFO | Test SAM(deg): 3.9374
2026-08-16 14:13:04,715 | INFO | Test LPIPS: 0.2105
2026-08-16 14:13:04,715 | INFO | Test FID: 38.0456
