2026-07-07 18:50:39,376 | INFO | Using device: cuda
2026-07-07 18:50:39,443 | INFO | GPU: NVIDIA A100 80GB PCIe
2026-07-07 18:50:39,443 | INFO | Building dataset...
2026-07-07 18:50:58,655 | INFO | Dataset size: 122217 samples
2026-07-07 18:50:58,667 | INFO | Train/Val/Test sizes: 97773/12221/12223
2026-07-07 18:51:00,445 | INFO | Epoch 1/50
2026-07-07 19:57:10,380 | INFO | Train loss: 0.028843
2026-07-07 19:57:10,381 | INFO | Val loss: 0.022137
2026-07-07 19:57:11,160 | INFO | Epoch 2/50
2026-07-07 21:16:08,220 | INFO | Train loss: 0.020597
2026-07-07 21:16:08,226 | INFO | Val loss: 0.020968
2026-07-07 21:16:08,761 | INFO | Epoch 3/50
2026-07-07 22:23:49,083 | INFO | Train loss: 0.018108
2026-07-07 22:23:49,090 | INFO | Val loss: 0.017602
2026-07-07 22:23:49,800 | INFO | Epoch 4/50
2026-07-07 23:30:38,533 | INFO | Train loss: 0.016399
2026-07-07 23:30:38,533 | INFO | Val loss: 0.015152
2026-07-07 23:30:39,088 | INFO | Epoch 5/50
2026-07-08 00:39:43,698 | INFO | Train loss: 0.015013
2026-07-08 00:39:43,699 | INFO | Val loss: 0.015043
2026-07-08 00:39:44,301 | INFO | Epoch 6/50
2026-07-08 02:10:54,061 | INFO | Train loss: 0.014026
2026-07-08 02:10:54,062 | INFO | Val loss: 0.013468
2026-07-08 02:10:54,687 | INFO | Epoch 7/50
2026-07-08 03:51:58,880 | INFO | Train loss: 0.013319
2026-07-08 03:51:58,881 | INFO | Val loss: 0.013012
2026-07-08 03:51:59,544 | INFO | Epoch 8/50
2026-07-08 05:40:51,684 | INFO | Train loss: 0.012640
2026-07-08 05:40:51,684 | INFO | Val loss: 0.012292
2026-07-08 05:40:52,219 | INFO | Epoch 9/50
2026-07-08 07:17:39,741 | INFO | Train loss: 0.012366
2026-07-08 07:17:39,741 | INFO | Val loss: 0.011817
2026-07-08 07:17:40,267 | INFO | Epoch 10/50
2026-07-08 09:08:05,579 | INFO | Train loss: 0.011707
2026-07-08 09:08:05,579 | INFO | Val loss: 0.011514
2026-07-08 09:08:06,198 | INFO | Epoch 11/50
2026-07-08 10:46:59,777 | INFO | Train loss: 0.011381
2026-07-08 10:46:59,778 | INFO | Val loss: 0.011311
2026-07-08 10:47:00,347 | INFO | Epoch 12/50
2026-07-08 11:56:38,898 | INFO | Train loss: 0.010981
2026-07-08 11:56:38,898 | INFO | Val loss: 0.010904
2026-07-08 11:56:39,524 | INFO | Epoch 13/50
2026-07-08 13:34:00,056 | INFO | Train loss: 0.010711
2026-07-08 13:34:00,056 | INFO | Val loss: 0.010626
2026-07-08 13:34:00,635 | INFO | Epoch 14/50
2026-07-08 14:39:20,753 | INFO | Train loss: 0.010414
2026-07-08 14:39:20,753 | INFO | Val loss: 0.010409
2026-07-08 14:39:21,426 | INFO | Epoch 15/50
2026-07-08 15:46:37,105 | INFO | Train loss: 0.010215
2026-07-08 15:46:37,105 | INFO | Val loss: 0.010182
2026-07-08 15:46:38,089 | INFO | Epoch 16/50
2026-07-08 17:01:03,848 | INFO | Train loss: 0.009981
2026-07-08 17:01:03,853 | INFO | Val loss: 0.010032
2026-07-08 17:01:04,770 | INFO | Epoch 17/50
2026-07-08 18:27:17,934 | INFO | Train loss: 0.009747
2026-07-08 18:27:17,950 | INFO | Val loss: 0.009904
2026-07-08 18:27:18,658 | INFO | Epoch 18/50
2026-07-08 19:42:27,753 | INFO | Train loss: 0.009747
2026-07-08 19:42:27,755 | INFO | Val loss: 0.009736
2026-07-08 19:42:28,470 | INFO | Epoch 19/50
2026-07-08 20:54:12,817 | INFO | Train loss: 0.009433
2026-07-08 20:54:12,818 | INFO | Val loss: 0.009566
2026-07-08 20:54:13,708 | INFO | Epoch 20/50
2026-07-08 22:05:05,046 | INFO | Train loss: 0.009286
2026-07-08 22:05:05,046 | INFO | Val loss: 0.009588
2026-07-08 22:05:05,050 | INFO | Epoch 21/50
2026-07-08 23:29:04,878 | INFO | Train loss: 0.009138
2026-07-08 23:29:04,879 | INFO | Val loss: 0.009251
2026-07-08 23:29:05,389 | INFO | Epoch 22/50
2026-07-09 00:33:46,641 | INFO | Train loss: 0.009024
2026-07-09 00:33:46,642 | INFO | Val loss: 0.009238
2026-07-09 00:33:47,336 | INFO | Epoch 23/50
2026-07-09 01:38:09,582 | INFO | Train loss: 0.008915
2026-07-09 01:38:09,583 | INFO | Val loss: 0.009155
2026-07-09 01:38:10,209 | INFO | Epoch 24/50
2026-07-09 04:10:14,961 | INFO | Train loss: 0.008782
2026-07-09 04:10:14,961 | INFO | Val loss: 0.008988
2026-07-09 04:10:15,503 | INFO | Epoch 25/50
2026-07-09 06:30:22,004 | INFO | Train loss: 0.008690
2026-07-09 06:30:22,004 | INFO | Val loss: 0.008818
2026-07-09 06:30:22,557 | INFO | Epoch 26/50
2026-07-09 08:50:37,009 | INFO | Train loss: 0.008573
2026-07-09 08:50:37,009 | INFO | Val loss: 0.008664
2026-07-09 08:50:37,556 | INFO | Epoch 27/50
2026-07-09 10:33:39,134 | INFO | Train loss: 0.008448
2026-07-09 10:33:39,134 | INFO | Val loss: 0.008687
2026-07-09 10:33:39,137 | INFO | Epoch 28/50
2026-07-09 11:34:23,475 | INFO | Train loss: 0.008439
2026-07-09 11:34:23,475 | INFO | Val loss: 0.008678
2026-07-09 11:34:23,478 | INFO | Epoch 29/50
2026-07-09 12:47:40,420 | INFO | Train loss: 0.008293
2026-07-09 12:47:40,420 | INFO | Val loss: 0.008563
2026-07-09 12:47:41,044 | INFO | Epoch 30/50
2026-07-09 14:26:51,400 | INFO | Train loss: 0.008244
2026-07-09 14:26:51,400 | INFO | Val loss: 0.010152
2026-07-09 14:26:51,403 | INFO | Epoch 31/50
2026-07-09 16:03:42,044 | INFO | Train loss: 0.008198
2026-07-09 16:03:42,044 | INFO | Val loss: 0.008298
2026-07-09 16:03:42,579 | INFO | Epoch 32/50
2026-07-09 17:53:05,095 | INFO | Train loss: 0.008145
2026-07-09 17:53:05,096 | INFO | Val loss: 0.008319
2026-07-09 17:53:05,098 | INFO | Epoch 33/50
2026-07-09 19:38:21,133 | INFO | Train loss: 0.008002
2026-07-09 19:38:21,134 | INFO | Val loss: 0.008191
2026-07-09 19:38:21,751 | INFO | Epoch 34/50
2026-07-09 21:14:45,418 | INFO | Train loss: 0.007929
2026-07-09 21:14:45,418 | INFO | Val loss: 0.008178
2026-07-09 21:14:45,947 | INFO | Epoch 35/50
2026-07-09 22:15:33,441 | INFO | Train loss: 0.007896
2026-07-09 22:15:33,441 | INFO | Val loss: 0.008274
2026-07-09 22:15:33,445 | INFO | Epoch 36/50
2026-07-09 23:16:25,220 | INFO | Train loss: 0.007769
2026-07-09 23:16:25,221 | INFO | Val loss: 0.008162
2026-07-09 23:16:25,774 | INFO | Epoch 37/50
2026-07-10 00:20:22,754 | INFO | Train loss: 0.007735
2026-07-10 00:20:22,755 | INFO | Val loss: 0.008092
2026-07-10 00:20:23,365 | INFO | Epoch 38/50
2026-07-10 02:06:15,862 | INFO | Train loss: 0.007676
2026-07-10 02:06:15,862 | INFO | Val loss: 0.007928
2026-07-10 02:06:16,473 | INFO | Epoch 39/50
2026-07-10 04:13:47,330 | INFO | Train loss: 0.007604
2026-07-10 04:13:47,331 | INFO | Val loss: 0.007936
2026-07-10 04:13:47,333 | INFO | Epoch 40/50
2026-07-10 06:04:58,509 | INFO | Train loss: 0.007543
2026-07-10 06:04:58,509 | INFO | Val loss: 0.007823
2026-07-10 06:04:59,139 | INFO | Epoch 41/50
2026-07-10 07:39:27,043 | INFO | Train loss: 0.007497
2026-07-10 07:39:27,044 | INFO | Val loss: 0.007823
2026-07-10 07:39:27,046 | INFO | Epoch 42/50
2026-07-10 08:40:11,033 | INFO | Train loss: 0.007443
2026-07-10 08:40:11,033 | INFO | Val loss: 0.007806
2026-07-10 08:40:11,569 | INFO | Epoch 43/50
2026-07-10 09:40:56,567 | INFO | Train loss: 0.007411
2026-07-10 09:40:56,568 | INFO | Val loss: 0.007959
2026-07-10 09:40:56,570 | INFO | Epoch 44/50
2026-07-10 10:41:40,738 | INFO | Train loss: 0.007378
2026-07-10 10:41:40,738 | INFO | Val loss: 0.007878
2026-07-10 10:41:40,741 | INFO | Epoch 45/50
2026-07-10 11:42:25,061 | INFO | Train loss: 0.007305
2026-07-10 11:42:25,061 | INFO | Val loss: 0.007743
2026-07-10 11:42:25,588 | INFO | Epoch 46/50
2026-07-10 13:44:04,758 | INFO | Train loss: 0.007233
2026-07-10 13:44:04,758 | INFO | Val loss: 0.007533
2026-07-10 13:44:05,295 | INFO | Epoch 47/50
2026-07-10 15:59:15,640 | INFO | Train loss: 0.007422
2026-07-10 15:59:15,641 | INFO | Val loss: 0.007578
2026-07-10 15:59:15,643 | INFO | Epoch 48/50
2026-07-10 18:07:31,843 | INFO | Train loss: 0.007201
2026-07-10 18:07:31,843 | INFO | Val loss: 0.007464
2026-07-10 18:07:32,391 | INFO | Epoch 49/50
2026-07-10 20:23:55,034 | INFO | Train loss: 0.007136
2026-07-10 20:23:55,034 | INFO | Val loss: 0.007414
2026-07-10 20:23:55,587 | INFO | Epoch 50/50
2026-07-10 23:50:50,717 | INFO | Train loss: 0.007497
2026-07-10 23:50:50,717 | INFO | Val loss: 0.007472
2026-07-10 23:50:50,717 | INFO | Training complete.
2026-07-10 23:50:50,717 | INFO | Starting test...
2026-07-11 00:06:43,396 | INFO | Test L1: 0.011522 | PSNR: 34.2269 | SSIM: 0.8903
2026-07-11 00:06:43,396 | INFO | Test SAM(deg): 3.4689
2026-07-11 00:06:43,397 | INFO | Test LPIPS: 0.1977
2026-07-11 00:06:43,397 | INFO | Test FID: 33.2317
