2026-02-04 19:12:13,994 | INFO | Using device: cuda
2026-02-04 19:12:14,105 | INFO | GPU: NVIDIA A100-PCIE-40GB
2026-02-04 19:12:14,105 | INFO | Building dataset...
2026-02-04 19:12:32,040 | INFO | Dataset size: 122217 samples
2026-02-04 19:12:32,058 | INFO | Train/Val/Test sizes: 97773/12221/12223
2026-02-04 19:12:35,656 | INFO | Epoch 1/10
2026-02-04 20:15:43,450 | INFO | Train loss: 0.028617
2026-02-04 20:15:43,451 | INFO | Val loss: 0.021418
2026-02-04 20:15:44,272 | INFO | Epoch 2/10
2026-02-04 21:19:07,071 | INFO | Train loss: 0.020332
2026-02-04 21:19:07,071 | INFO | Val loss: 0.018673
2026-02-04 21:19:07,767 | INFO | Epoch 3/10
2026-02-04 22:25:25,551 | INFO | Train loss: 0.017686
2026-02-04 22:25:25,551 | INFO | Val loss: 0.016803
2026-02-04 22:25:26,261 | INFO | Epoch 4/10
2026-02-04 23:29:39,668 | INFO | Train loss: 0.015655
2026-02-04 23:29:39,669 | INFO | Val loss: 0.015356
2026-02-04 23:29:40,415 | INFO | Epoch 5/10
2026-02-05 00:34:02,167 | INFO | Train loss: 0.014516
2026-02-05 00:34:02,167 | INFO | Val loss: 0.013772
2026-02-05 00:34:02,861 | INFO | Epoch 6/10
2026-02-05 01:38:38,309 | INFO | Train loss: 0.013510
2026-02-05 01:38:38,309 | INFO | Val loss: 0.012822
2026-02-05 01:38:39,155 | INFO | Epoch 7/10
2026-02-05 02:42:04,951 | INFO | Train loss: 0.012949
2026-02-05 02:42:04,951 | INFO | Val loss: 0.012478
2026-02-05 02:42:05,643 | INFO | Epoch 8/10
2026-02-05 03:44:55,516 | INFO | Train loss: 0.012163
2026-02-05 03:44:55,517 | INFO | Val loss: 0.011826
2026-02-05 03:44:56,321 | INFO | Epoch 9/10
2026-02-05 04:47:59,069 | INFO | Train loss: 0.011771
2026-02-05 04:47:59,069 | INFO | Val loss: 0.011603
2026-02-05 04:47:59,910 | INFO | Epoch 10/10
2026-02-05 05:51:13,374 | INFO | Train loss: 0.011308
2026-02-05 05:51:13,374 | INFO | Val loss: 0.011126
2026-02-05 05:51:14,086 | INFO | Training complete.
2026-02-05 05:51:14,087 | INFO | Starting test...
2026-02-05 05:56:00,322 | INFO | Test L1: 0.015612 | PSNR: 32.0517 | SSIM: 0.8358
2026-02-05 05:56:00,322 | INFO | Test SAM(deg): 4.7332
2026-02-05 05:56:00,322 | INFO | Test LPIPS: 0.2305
2026-02-05 05:56:00,323 | INFO | Test FID: 43.6836
