2026-08-11 13:09:01,601 | INFO | Using device: cuda
2026-08-11 13:09:01,677 | INFO | GPU: NVIDIA A100 80GB PCIe
2026-08-11 13:09:01,677 | INFO | seed=42
2026-08-11 13:09:01,677 | INFO | bridge_schedule=original mean_reversion_rate=3.0 diffusion_steps=1000
2026-08-11 13:09:01,677 | INFO | Building dataset...
2026-08-11 13:09:23,197 | INFO | Dataset size: 122217 samples
2026-08-11 13:09:23,215 | INFO | Train/Val/Test sizes: 97773/12221/12223
2026-08-11 13:09:23,591 | INFO | trainable_parameters=13588641
2026-08-11 13:09:24,715 | INFO | Epoch 1/50
2026-08-11 14:20:03,816 | INFO | Train loss: 0.030724
2026-08-11 14:20:03,816 | INFO | Val loss: 0.022678
2026-08-11 14:20:04,391 | INFO | Epoch 2/50
2026-08-11 15:30:44,317 | INFO | Train loss: 0.020962
2026-08-11 15:30:44,317 | INFO | Val loss: 0.020435
2026-08-11 15:30:45,016 | INFO | Epoch 3/50
2026-08-11 16:42:52,579 | INFO | Train loss: 0.018359
2026-08-11 16:42:52,579 | INFO | Val loss: 0.016607
2026-08-11 16:42:53,309 | INFO | Epoch 4/50
2026-08-11 17:55:08,792 | INFO | Train loss: 0.016403
2026-08-11 17:55:08,792 | INFO | Val loss: 0.015489
2026-08-11 17:55:09,671 | INFO | Epoch 5/50
2026-08-11 19:03:53,608 | INFO | Train loss: 0.015162
2026-08-11 19:03:53,608 | INFO | Val loss: 0.014337
2026-08-11 19:03:54,280 | INFO | Epoch 6/50
2026-08-11 20:12:38,481 | INFO | Train loss: 0.014140
2026-08-11 20:12:38,481 | INFO | Val loss: 0.013449
2026-08-11 20:12:39,217 | INFO | Epoch 7/50
2026-08-11 21:25:22,184 | INFO | Train loss: 0.013326
2026-08-11 21:25:22,184 | INFO | Val loss: 0.013796
2026-08-11 21:25:22,188 | INFO | Epoch 8/50
2026-08-11 22:37:55,247 | INFO | Train loss: 0.012641
2026-08-11 22:37:55,247 | INFO | Val loss: 0.012354
2026-08-11 22:37:55,981 | INFO | Epoch 9/50
2026-08-11 23:48:44,059 | INFO | Train loss: 0.012152
2026-08-11 23:48:44,060 | INFO | Val loss: 0.011747
2026-08-11 23:48:44,880 | INFO | Epoch 10/50
2026-08-12 00:54:50,157 | INFO | Train loss: 0.011681
2026-08-12 00:54:50,157 | INFO | Val loss: 0.011829
2026-08-12 00:54:50,160 | INFO | Epoch 11/50
2026-08-12 02:00:54,777 | INFO | Train loss: 0.011290
2026-08-12 02:00:54,777 | INFO | Val loss: 0.011215
2026-08-12 02:00:55,432 | INFO | Epoch 12/50
2026-08-12 03:07:08,910 | INFO | Train loss: 0.011006
2026-08-12 03:07:08,910 | INFO | Val loss: 0.010938
2026-08-12 03:07:09,603 | INFO | Epoch 13/50
2026-08-12 04:13:38,654 | INFO | Train loss: 0.010649
2026-08-12 04:13:38,654 | INFO | Val loss: 0.010744
2026-08-12 04:13:39,451 | INFO | Epoch 14/50
2026-08-12 05:19:59,246 | INFO | Train loss: 0.010439
2026-08-12 05:19:59,246 | INFO | Val loss: 0.010392
2026-08-12 05:19:59,995 | INFO | Epoch 15/50
2026-08-12 06:39:29,817 | INFO | Train loss: 0.010206
2026-08-12 06:39:29,817 | INFO | Val loss: 0.010289
2026-08-12 06:39:30,579 | INFO | Epoch 16/50
2026-08-12 08:28:13,650 | INFO | Train loss: 0.010078
2026-08-12 08:28:13,650 | INFO | Val loss: 0.010258
2026-08-12 08:28:14,297 | INFO | Epoch 17/50
2026-08-12 10:15:52,459 | INFO | Train loss: 0.009777
2026-08-12 10:15:52,460 | INFO | Val loss: 0.009906
2026-08-12 10:15:53,132 | INFO | Epoch 18/50
2026-08-12 12:00:23,501 | INFO | Train loss: 0.009616
2026-08-12 12:00:23,502 | INFO | Val loss: 0.009910
2026-08-12 12:00:23,505 | INFO | Epoch 19/50
2026-08-12 13:34:24,244 | INFO | Train loss: 0.009456
2026-08-12 13:34:24,244 | INFO | Val loss: 0.009661
2026-08-12 13:34:25,067 | INFO | Epoch 20/50
2026-08-12 14:41:53,219 | INFO | Train loss: 0.009309
2026-08-12 14:41:53,219 | INFO | Val loss: 0.009465
2026-08-12 14:41:54,030 | INFO | Epoch 21/50
2026-08-12 16:00:07,266 | INFO | Train loss: 0.009207
2026-08-12 16:00:07,266 | INFO | Val loss: 0.009231
2026-08-12 16:00:08,163 | INFO | Epoch 22/50
2026-08-12 17:29:41,575 | INFO | Train loss: 0.009039
2026-08-12 17:29:41,576 | INFO | Val loss: 0.009147
2026-08-12 17:29:42,468 | INFO | Epoch 23/50
2026-08-12 18:35:30,032 | INFO | Train loss: 0.008907
2026-08-12 18:35:30,033 | INFO | Val loss: 0.009136
2026-08-12 18:35:30,691 | INFO | Epoch 24/50
2026-08-12 20:05:12,038 | INFO | Train loss: 0.008888
2026-08-12 20:05:12,038 | INFO | Val loss: 0.009418
2026-08-12 20:05:12,042 | INFO | Epoch 25/50
2026-08-12 21:09:33,225 | INFO | Train loss: 0.008839
2026-08-12 21:09:33,225 | INFO | Val loss: 0.008815
2026-08-12 21:09:33,845 | INFO | Epoch 26/50
2026-08-12 22:17:58,744 | INFO | Train loss: 0.008635
2026-08-12 22:17:58,744 | INFO | Val loss: 0.008762
2026-08-12 22:17:59,394 | INFO | Epoch 27/50
2026-08-12 23:22:39,491 | INFO | Train loss: 0.008514
2026-08-12 23:22:39,491 | INFO | Val loss: 0.008730
2026-08-12 23:22:40,207 | INFO | Epoch 28/50
2026-08-13 01:33:02,889 | INFO | Train loss: 0.008483
2026-08-13 01:33:02,890 | INFO | Val loss: 0.008631
2026-08-13 01:33:03,563 | INFO | Epoch 29/50
2026-08-13 03:35:21,725 | INFO | Train loss: 0.008354
2026-08-13 03:35:21,726 | INFO | Val loss: 0.008565
2026-08-13 03:35:22,427 | INFO | Epoch 30/50
2026-08-13 05:27:21,358 | INFO | Train loss: 0.008262
2026-08-13 05:27:21,358 | INFO | Val loss: 0.008588
2026-08-13 05:27:21,368 | INFO | Epoch 31/50
2026-08-13 07:03:30,700 | INFO | Train loss: 0.008155
2026-08-13 07:03:30,700 | INFO | Val loss: 0.008412
2026-08-13 07:03:31,457 | INFO | Epoch 32/50
2026-08-13 09:18:10,038 | INFO | Train loss: 0.008084
2026-08-13 09:18:10,038 | INFO | Val loss: 0.008398
2026-08-13 09:18:10,696 | INFO | Epoch 33/50
2026-08-13 11:33:54,557 | INFO | Train loss: 0.008052
2026-08-13 11:33:54,558 | INFO | Val loss: 0.008154
2026-08-13 11:33:55,303 | INFO | Epoch 34/50
2026-08-13 14:01:30,616 | INFO | Train loss: 0.008034
2026-08-13 14:01:30,616 | INFO | Val loss: 0.008179
2026-08-13 14:01:30,623 | INFO | Epoch 35/50
2026-08-13 16:33:43,335 | INFO | Train loss: 0.007923
2026-08-13 16:33:43,335 | INFO | Val loss: 0.008105
2026-08-13 16:33:44,993 | INFO | Epoch 36/50
2026-08-13 18:51:57,170 | INFO | Train loss: 0.007853
2026-08-13 18:51:57,170 | INFO | Val loss: 0.008194
2026-08-13 18:51:57,177 | INFO | Epoch 37/50
2026-08-13 21:09:12,151 | INFO | Train loss: 0.007805
2026-08-13 21:09:12,152 | INFO | Val loss: 0.008160
2026-08-13 21:09:12,156 | INFO | Epoch 38/50
2026-08-13 23:26:55,799 | INFO | Train loss: 0.007724
2026-08-13 23:26:55,799 | INFO | Val loss: 0.007950
2026-08-13 23:26:56,591 | INFO | Epoch 39/50
2026-08-14 01:41:49,090 | INFO | Train loss: 0.007680
2026-08-14 01:41:49,090 | INFO | Val loss: 0.007994
2026-08-14 01:41:49,094 | INFO | Epoch 40/50
2026-08-14 03:52:57,150 | INFO | Train loss: 0.007649
2026-08-14 03:52:57,150 | INFO | Val loss: 0.007880
2026-08-14 03:52:57,824 | INFO | Epoch 41/50
2026-08-14 05:44:57,473 | INFO | Train loss: 0.007578
2026-08-14 05:44:57,474 | INFO | Val loss: 0.007831
2026-08-14 05:44:58,175 | INFO | Epoch 42/50
2026-08-14 06:56:53,353 | INFO | Train loss: 0.008112
2026-08-14 06:56:53,354 | INFO | Val loss: 0.008185
2026-08-14 06:56:53,358 | INFO | Epoch 43/50
2026-08-14 08:06:56,632 | INFO | Train loss: 0.007630
2026-08-14 08:06:56,632 | INFO | Val loss: 0.007886
2026-08-14 08:06:56,636 | INFO | Epoch 44/50
2026-08-14 09:16:57,086 | INFO | Train loss: 0.007478
2026-08-14 09:16:57,086 | INFO | Val loss: 0.007677
2026-08-14 09:16:57,762 | INFO | Epoch 45/50
2026-08-14 10:27:24,865 | INFO | Train loss: 0.007423
2026-08-14 10:27:24,866 | INFO | Val loss: 0.007697
2026-08-14 10:27:24,870 | INFO | Epoch 46/50
2026-08-14 11:37:38,590 | INFO | Train loss: 0.007371
2026-08-14 11:37:38,591 | INFO | Val loss: 0.007910
2026-08-14 11:37:38,595 | INFO | Epoch 47/50
2026-08-14 12:49:24,668 | INFO | Train loss: 0.007352
2026-08-14 12:49:24,668 | INFO | Val loss: 0.007567
2026-08-14 12:49:25,383 | INFO | Epoch 48/50
2026-08-14 14:11:35,838 | INFO | Train loss: 0.007306
2026-08-14 14:11:35,838 | INFO | Val loss: 0.008361
2026-08-14 14:11:35,842 | INFO | Epoch 49/50
2026-08-14 15:46:20,597 | INFO | Train loss: 0.007288
2026-08-14 15:46:20,597 | INFO | Val loss: 0.007557
2026-08-14 15:46:21,451 | INFO | Epoch 50/50
2026-08-14 17:25:32,432 | INFO | Train loss: 0.007209
2026-08-14 17:25:32,433 | INFO | Val loss: 0.007849
2026-08-14 17:25:32,433 | INFO | Training complete.
2026-08-14 17:25:32,433 | INFO | Starting test...
2026-08-14 17:30:27,738 | INFO | Test L1: 0.011968 | PSNR: 34.0165 | SSIM: 0.8868
2026-08-14 17:30:27,738 | INFO | Test SAM(deg): 3.6322
2026-08-14 17:30:27,739 | INFO | Test LPIPS: 0.2015
2026-08-14 17:30:27,739 | INFO | Test FID: 32.9384
