2026-09-14 13:12:32,879 | INFO | Using device: cuda
2026-09-14 13:12:36,202 | INFO | GPU: NVIDIA A100-PCIE-40GB
2026-09-14 13:12:36,202 | INFO | seed=91
2026-09-14 13:12:36,202 | INFO | bridge_schedule=original mean_reversion_rate=3.0 diffusion_steps=1000
2026-09-14 13:12:36,203 | INFO | Building dataset...
2026-09-14 13:13:03,323 | INFO | Dataset size: 122217 samples
2026-09-14 13:13:03,517 | INFO | Train/Val/Test sizes: 97773/12221/12223
2026-09-14 13:13:09,443 | INFO | trainable_parameters=13588641
2026-09-14 13:13:10,579 | INFO | Epoch 1/50
2026-09-14 15:31:10,717 | INFO | Train loss: 0.029654
2026-09-14 15:31:10,723 | INFO | Val loss: 0.023109
2026-09-14 15:31:11,755 | INFO | Epoch 2/50
2026-09-14 17:49:54,755 | INFO | Train loss: 0.020982
2026-09-14 17:49:54,755 | INFO | Val loss: 0.020626
2026-09-14 17:49:55,489 | INFO | Epoch 3/50
2026-09-14 19:06:29,091 | INFO | Train loss: 0.018425
2026-09-14 19:06:29,092 | INFO | Val loss: 0.020408
2026-09-14 19:06:29,968 | INFO | Epoch 4/50
2026-09-14 20:17:04,369 | INFO | Train loss: 0.016530
2026-09-14 20:17:04,369 | INFO | Val loss: 0.015700
2026-09-14 20:17:05,252 | INFO | Epoch 5/50
2026-09-14 21:24:04,881 | INFO | Train loss: 0.015220
2026-09-14 21:24:04,881 | INFO | Val loss: 0.014507
2026-09-14 21:24:05,555 | INFO | Epoch 6/50
