2026-08-15 12:56:36,588 | INFO | Using device: cuda
2026-08-15 12:56:36,679 | INFO | GPU: NVIDIA A100 80GB PCIe
2026-08-15 12:56:36,680 | INFO | seed=123
2026-08-15 12:56:36,680 | INFO | bridge_schedule=original mean_reversion_rate=3.0 diffusion_steps=1000
2026-08-15 12:56:36,680 | INFO | Building dataset...
2026-08-15 12:57:01,871 | INFO | Dataset size: 122217 samples
2026-08-15 12:57:01,899 | INFO | Train/Val/Test sizes: 97773/12221/12223
2026-08-15 12:57:02,490 | INFO | trainable_parameters=13588641
2026-08-15 12:57:11,610 | INFO | Epoch 1/20
2026-08-15 14:14:09,520 | INFO | Train loss: 0.030452
2026-08-15 14:14:09,520 | INFO | Val loss: 0.023729
2026-08-15 14:14:10,339 | INFO | Epoch 2/20
2026-08-15 15:27:08,478 | INFO | Train loss: 0.021729
2026-08-15 15:27:08,478 | INFO | Val loss: 0.019941
2026-08-15 15:27:09,153 | INFO | Epoch 3/20
2026-08-15 16:39:54,544 | INFO | Train loss: 0.018601
2026-08-15 16:39:54,544 | INFO | Val loss: 0.016905
2026-08-15 16:39:55,228 | INFO | Epoch 4/20
2026-08-15 17:50:44,662 | INFO | Train loss: 0.016957
2026-08-15 17:50:44,662 | INFO | Val loss: 0.015616
2026-08-15 17:50:45,519 | INFO | Epoch 5/20
2026-08-15 19:02:13,242 | INFO | Train loss: 0.015410
2026-08-15 19:02:13,242 | INFO | Val loss: 0.014698
2026-08-15 19:02:13,925 | INFO | Epoch 6/20
2026-08-15 20:13:36,348 | INFO | Train loss: 0.014371
2026-08-15 20:13:36,348 | INFO | Val loss: 0.013898
2026-08-15 20:13:37,068 | INFO | Epoch 7/20
2026-08-15 21:33:58,203 | INFO | Train loss: 0.013573
2026-08-15 21:33:58,203 | INFO | Val loss: 0.013997
2026-08-15 21:33:58,207 | INFO | Epoch 8/20
2026-08-15 22:46:44,000 | INFO | Train loss: 0.012950
2026-08-15 22:46:44,000 | INFO | Val loss: 0.013314
2026-08-15 22:46:44,685 | INFO | Epoch 9/20
2026-08-16 00:14:10,562 | INFO | Train loss: 0.012312
2026-08-16 00:14:10,563 | INFO | Val loss: 0.013312
2026-08-16 00:14:11,315 | INFO | Epoch 10/20
2026-08-16 01:40:54,550 | INFO | Train loss: 0.011963
2026-08-16 01:40:54,550 | INFO | Val loss: 0.011925
2026-08-16 01:40:55,235 | INFO | Epoch 11/20
2026-08-16 02:55:00,363 | INFO | Train loss: 0.011511
2026-08-16 02:55:00,363 | INFO | Val loss: 0.011463
2026-08-16 02:55:01,062 | INFO | Epoch 12/20
2026-08-16 04:07:35,377 | INFO | Train loss: 0.011140
2026-08-16 04:07:35,378 | INFO | Val loss: 0.011001
2026-08-16 04:07:36,060 | INFO | Epoch 13/20
2026-08-16 05:21:36,215 | INFO | Train loss: 0.010840
2026-08-16 05:21:36,215 | INFO | Val loss: 0.010845
2026-08-16 05:21:37,096 | INFO | Epoch 14/20
2026-08-16 06:35:31,177 | INFO | Train loss: 0.010554
2026-08-16 06:35:31,177 | INFO | Val loss: 0.010603
2026-08-16 06:35:31,904 | INFO | Epoch 15/20
2026-08-16 07:47:35,989 | INFO | Train loss: 0.010350
2026-08-16 07:47:35,989 | INFO | Val loss: 0.010187
2026-08-16 07:47:36,681 | INFO | Epoch 16/20
2026-08-16 08:59:21,553 | INFO | Train loss: 0.010116
2026-08-16 08:59:21,553 | INFO | Val loss: 0.010435
2026-08-16 08:59:21,557 | INFO | Epoch 17/20
2026-08-16 10:17:25,236 | INFO | Train loss: 0.009900
2026-08-16 10:17:25,236 | INFO | Val loss: 0.009864
2026-08-16 10:17:26,087 | INFO | Epoch 18/20
2026-08-16 11:29:08,773 | INFO | Train loss: 0.009753
2026-08-16 11:29:08,773 | INFO | Val loss: 0.009897
2026-08-16 11:29:08,776 | INFO | Epoch 19/20
2026-08-16 12:42:11,282 | INFO | Train loss: 0.009552
2026-08-16 12:42:11,282 | INFO | Val loss: 0.009614
2026-08-16 12:42:11,973 | INFO | Epoch 20/20
2026-08-16 13:54:00,721 | INFO | Train loss: 0.009403
2026-08-16 13:54:00,722 | INFO | Val loss: 0.009467
2026-08-16 13:54:01,415 | INFO | Training complete.
2026-08-16 13:54:01,416 | INFO | Starting test...
2026-08-16 14:02:11,782 | INFO | Test L1: 0.013784 | PSNR: 32.9403 | SSIM: 0.8600
2026-08-16 14:02:11,783 | INFO | Test SAM(deg): 4.0789
2026-08-16 14:02:11,783 | INFO | Test LPIPS: 0.2109
2026-08-16 14:02:11,783 | INFO | Test FID: 39.7092
